#-----------------------------------------------------------
# Vivado v2025.2 (64-bit)
# SW Build 6299465 on Fri Nov 14 19:35:11 GMT 2025
# IP Build 6300035 on Fri Nov 14 10:48:45 MST 2025
# SharedData Build 6298862 on Thu Nov 13 04:50:51 MST 2025
# Start of session at: Sat May 16 14:33:02 2026
# Process ID         : 34964
# Current directory  : C:/Summer/vivadoStuff/ASU/ASU.runs/synth_1
# Command line       : vivado.exe -log studentID.vds -product Vivado -mode batch -messageDb vivado.pb -notrace -source studentID.tcl
# Log file           : C:/Summer/vivadoStuff/ASU/ASU.runs/synth_1/studentID.vds
# Journal file       : C:/Summer/vivadoStuff/ASU/ASU.runs/synth_1\vivado.jou
# Running On         : WIN-9IUTA26JBLN
# Platform           : Windows Server 2016 or Windows 10
# Operating System   : 26200
# Processor Detail   : AMD Ryzen AI 7 350 w/ Radeon 860M              
# CPU Frequency      : 1996 MHz
# CPU Physical cores : 8
# CPU Logical cores  : 16
# Host memory        : 16279 MB
# Swap memory        : 19327 MB
# Total Virtual      : 35607 MB
# Available Virtual  : 3147 MB
#-----------------------------------------------------------
source studentID.tcl -notrace
